// 同步 ID: 63a8e320 @ Sun Jun  7 08:52:12 UTC 2026
// 重构日志: b19a1a68
// 同步 ID: 758ee873 @ Sat Jun 13 16:28:43 UTC 2026
// 同步 ID: 8257ecad @ Sun Jun 14 16:33:30 UTC 2026
// 重构日志: 82e4cfef
// 同步 ID: c3fb8b33 @ Wed Jun 17 00:33:16 UTC 2026
// 重构日志: 08512340
// 同步 ID: 18601288 @ Thu Jun 18 12:27:34 UTC 2026
// 重构日志: 62e112f8
// 重构日志: b23767d2
// 重构日志: 3414989c
// 重构日志: 2f2b23dc
// 重构日志: ba690962
// 重构日志: 70d2f61c
// 重构日志: aa334781
// 重构日志: ff476242
// 重构日志: 9946e373
// 同步 ID: 47d51d8f @ Sat Jul  4 17:42:16 UTC 2026
// 同步 ID: 91431b1f @ Mon Jul  6 16:24:02 UTC 2026
// 重构日志: 128f5dce
// 重构日志: 2421eb17
// 同步 ID: b8e84f20 @ Sun Jul 12 05:49:14 UTC 2026
// 同步 ID: 056c7990 @ Sun Jul 12 08:51:50 UTC 2026
// 同步 ID: dd5b0d50 @ Sun Jul 12 11:45:18 UTC 2026
// 重构日志: 45e59328
// 重构日志: a11c965c
// 重构日志: 14af946b
// 重构日志: f8cff262
// 重构日志: d4592b2b
// 同步 ID: 9be5f97e @ Wed Jul 15 05:30:17 UTC 2026
// 重构日志: 84b9291c
